?   	github.com/opd-ai/wyrm/cmd/client	[no test files]
ok  	github.com/opd-ai/wyrm/config	1.032s
ok  	github.com/opd-ai/wyrm/pkg/audio	1.060s
ok  	github.com/opd-ai/wyrm/pkg/audio/ambient	1.072s
ok  	github.com/opd-ai/wyrm/pkg/audio/music	1.060s
ok  	github.com/opd-ai/wyrm/pkg/companion	1.030s
ok  	github.com/opd-ai/wyrm/pkg/dialog	1.028s
ok  	github.com/opd-ai/wyrm/pkg/engine/components	1.031s
ok  	github.com/opd-ai/wyrm/pkg/engine/ecs	1.027s
ok  	github.com/opd-ai/wyrm/pkg/engine/systems	1.036s
ok  	github.com/opd-ai/wyrm/pkg/network	1.782s
ok  	github.com/opd-ai/wyrm/pkg/network/federation	1.033s
?   	github.com/opd-ai/wyrm/pkg/procgen/adapters	[no test files]
ok  	github.com/opd-ai/wyrm/pkg/procgen/city	1.035s
ok  	github.com/opd-ai/wyrm/pkg/procgen/dungeon	1.058s
ok  	github.com/opd-ai/wyrm/pkg/procgen/noise	1.026s
ok  	github.com/opd-ai/wyrm/pkg/rendering/postprocess	1.136s
?   	github.com/opd-ai/wyrm/pkg/rendering/raycast	[no test files]
ok  	github.com/opd-ai/wyrm/pkg/rendering/texture	1.021s
ok  	github.com/opd-ai/wyrm/pkg/world/chunk	1.019s
ok  	github.com/opd-ai/wyrm/pkg/world/housing	1.019s
ok  	github.com/opd-ai/wyrm/pkg/world/persist	1.035s
ok  	github.com/opd-ai/wyrm/pkg/world/pvp	1.017s
